// Jest Snapshot v1, https://goo.gl/fbAQLP

exports[`renders correctly 1`] = `
"__/\\\\\\\\\\\\________/\\\\\\\\\\\\________________________________/\\\\\\\\\\\\_____________/\\\\\\\\\\\\____
 _\\\\///\\\\\\\\\\\\____/\\\\\\\\\\\\/________________________________\\\\/\\\\\\\\\\\\___________/\\\\\\\\\\\\\\\\\\\\\\\\\\\\__
  ___\\\\///\\\\\\\\\\\\/\\\\\\\\\\\\/__________________________________\\\\/\\\\\\\\\\\\__________/\\\\\\\\\\\\\\\\\\\\\\\\\\\\\\\\\\\\_
   _____\\\\///\\\\\\\\\\\\/__________/\\\\\\\\\\\\\\\\\\\\\\\\\\\\\\\\___/\\\\\\\\\\\\\\\\\\\\\\\\\\\\\\\\\\\\____\\\\/\\\\\\\\\\\\_________\\\\//\\\\\\\\\\\\\\\\\\\\\\\\\\\\__
    _______\\\\/\\\\\\\\\\\\_________/\\\\\\\\\\\\/////\\\\\\\\\\\\_\\\\////////\\\\\\\\\\\\___\\\\/\\\\\\\\\\\\\\\\\\\\\\\\\\\\\\\\\\\\\\\\___\\\\//\\\\\\\\\\\\\\\\\\\\___
     _______\\\\/\\\\\\\\\\\\________/\\\\\\\\\\\\\\\\\\\\\\\\\\\\\\\\\\\\\\\\\\\\____/\\\\\\\\\\\\\\\\\\\\\\\\\\\\\\\\\\\\\\\\__\\\\/\\\\\\\\\\\\/////\\\\\\\\\\\\___\\\\//\\\\\\\\\\\\____
      _______\\\\/\\\\\\\\\\\\_______\\\\//\\\\\\\\///////____/\\\\\\\\\\\\/////\\\\\\\\\\\\__\\\\/\\\\\\\\\\\\___\\\\/\\\\\\\\\\\\____\\\\///_____
       _______\\\\/\\\\\\\\\\\\________\\\\//\\\\\\\\\\\\\\\\\\\\\\\\\\\\\\\\\\\\\\\\_\\\\//\\\\\\\\\\\\\\\\\\\\\\\\\\\\\\\\/\\\\\\\\_\\\\/\\\\\\\\\\\\___\\\\/\\\\\\\\\\\\_____/\\\\\\\\\\\\____
        _______\\\\///__________\\\\//////////___\\\\////////\\\\//__\\\\///____\\\\///_____\\\\///_____"
`;
